[MLflow] Security middleware enabled. Allowed hosts: localhost:*, 127.0.0.1:*, host.docker.internal:5000.
2026/06/21 20:40:06 WARNING mlflow.server: MLflow job execution requirements not met (MLflow job backend does not support Windows system.). Server will start without job execution support. Errors will be surfaced at job invocation time.
C:\Users\anton\0______MASTER_IN_DATA_SCIENCE\2_SEMESTRE\0__________________________MLOPS\sp500-mlops-pipeline\.venv\Lib\site-packages\mlflow\server\fastapi_app.py:17: StarletteDeprecationWarning: starlette.middleware.wsgi is deprecated and will be removed in a future release. Please refer to https://github.com/abersheeran/a2wsgi as a replacement.
  from starlette.middleware.wsgi import WSGIResponder, build_environ
2026/06/21 20:40:11 INFO:     Uvicorn running on http://0.0.0.0:5000 (Press CTRL+C to quit)
2026/06/21 20:40:11 INFO:     Started parent process [26928]
C:\Users\anton\0______MASTER_IN_DATA_SCIENCE\2_SEMESTRE\0__________________________MLOPS\sp500-mlops-pipeline\.venv\Lib\site-packages\mlflow\server\fastapi_app.py:17: StarletteDeprecationWarning: starlette.middleware.wsgi is deprecated and will be removed in a future release. Please refer to https://github.com/abersheeran/a2wsgi as a replacement.
  from starlette.middleware.wsgi import WSGIResponder, build_environ
C:\Users\anton\0______MASTER_IN_DATA_SCIENCE\2_SEMESTRE\0__________________________MLOPS\sp500-mlops-pipeline\.venv\Lib\site-packages\mlflow\server\fastapi_app.py:17: StarletteDeprecationWarning: starlette.middleware.wsgi is deprecated and will be removed in a future release. Please refer to https://github.com/abersheeran/a2wsgi as a replacement.
  from starlette.middleware.wsgi import WSGIResponder, build_environ
C:\Users\anton\0______MASTER_IN_DATA_SCIENCE\2_SEMESTRE\0__________________________MLOPS\sp500-mlops-pipeline\.venv\Lib\site-packages\mlflow\server\fastapi_app.py:17: StarletteDeprecationWarning: starlette.middleware.wsgi is deprecated and will be removed in a future release. Please refer to https://github.com/abersheeran/a2wsgi as a replacement.
  from starlette.middleware.wsgi import WSGIResponder, build_environ
C:\Users\anton\0______MASTER_IN_DATA_SCIENCE\2_SEMESTRE\0__________________________MLOPS\sp500-mlops-pipeline\.venv\Lib\site-packages\mlflow\server\fastapi_app.py:17: StarletteDeprecationWarning: starlette.middleware.wsgi is deprecated and will be removed in a future release. Please refer to https://github.com/abersheeran/a2wsgi as a replacement.
  from starlette.middleware.wsgi import WSGIResponder, build_environ
2026/06/21 20:40:18 INFO:     Started server process [31856]
2026/06/21 20:40:18 INFO:     Waiting for application startup.
2026/06/21 20:40:18 INFO:     Application startup complete.
2026/06/21 20:40:18 INFO:     Started server process [27968]
2026/06/21 20:40:18 INFO:     Waiting for application startup.
2026/06/21 20:40:18 INFO:     Application startup complete.
2026/06/21 20:40:18 INFO:     Started server process [29192]
2026/06/21 20:40:18 INFO:     Waiting for application startup.
2026/06/21 20:40:18 INFO:     Application startup complete.
2026/06/21 20:40:18 INFO:     Started server process [17316]
2026/06/21 20:40:18 INFO:     Waiting for application startup.
2026/06/21 20:40:18 INFO:     Application startup complete.
